border_size=1
usage=map

Gg          , Gs          , Gs          , Gs          , Gs^Fp       , Gg          , Ss          , Gg          , Gg          , Gg          , Rd          , Gg          , Gg^Vh       , Gg          , Gg          , Gg          , Gg          , Gg          , Gg          , Gg          , Gg          , Gg          , Gg          , Gg          , Ww          , Ww          , Gg          , Gg          , Gs          , Gg          , Gs          , Gg          , Gg          , Rd          , Gg          , Gg          , Gs^Fp       , Gs^Fp       , Gg          , Gg          , Gg          , Gg          
Gs          , Ss          , Gs          , Gs^Fp       , Gs^Fp       , Ss          , Ss          , Ss          , Gg          , Gg          , Rd          , Gg          , Gg          , Rd          , Gg          , Gg          , Gg          , Gg          , Gg          , Gg          , Gg          , Gg          , Gg          , Gg          , Ww          , Ww          , Gg          , Gg          , Gg          , Gs          , Gs^Fp       , Gs^Fp       , Gs^Fp       , Rp          , Rd          , Gs^Fp       , Gg          , Gg          , Gg          , Ggf         , Gg          , Gg          
Ss          , Ss          , Gs          , Gs          , Gs^Fp       , Gg          , Gg          , Gg          , Gg          , Gg          , Gg          , Rd          , Gg^Ve       , Rd          , Gg^Vh       , Gg          , Gg          , Gg          , 2 Khr       , Chr         , Gg          , Gg          , Gg          , Gg          , Ww          , Ww          , Ww          , Gg          , Ss          , Gs          , Gs          , Gs          , Gg          , Gg          , Rp          , Ggf         , Gg          , Ce          , 3 Ke        , Gg          , Gg          , Gg          
Gs^Fp       , Ss          , Gs^Fp       , Gg          , Rd          , Gg          , Gg          , Gg          , Gg          , Gg          , Ggf         , Ggf         , Rd          , Rd          , Gg          , Gg          , Gg          , Gg          , Chr         , Chr         , Gg          , Gg          , Gg          , Gg          , Gg          , Ww          , Ww          , Ww          , Ss          , Ss          , Rd          , Gg          , Rd          , Rp          , Gg          , Gg          , Gg          , Ce          , Chs         , Ce          , Gg          , Gg          
Gs^Fp       , Gs^Fp       , Gg          , Gg          , Ggf         , Rd          , Gg          , Gg          , Gg          , Ggf         , Gg          , Gg          , Rd          , Gg^Vh       , Gg          , Gg          , Gg          , Chr         , Gg          , Gg          , Rp          , Gg          , Rp          , Gg          , Gg          , Wwf         , Wwf         , Ww          , Ww          , Ss^Bw/      , Ss          , Rp          , Rd          , Ggf         , Gg          , Gg          , Gg          , Gs          , Chs         , Ss          , Ss          , Ss          
Gg          , Gg          , Gg          , Gg          , Ggf         , Rd          , Rd          , Gg          , Gg          , Gg          , Rd          , Rd          , Gg          , Rr          , Rd          , Gg          , Gg          , Rd          , Rd          , Gg          , Gg          , Rp          , Gg          , Rd          , Rd          , Ss          , Ss^Bw/      , Wwf         , Wwf         , Rd          , Gg          , Gg          , Gg          , Gg          , Gg          , Gg          , Gs          , Ss          , Ss          , Ss          , Ss          , Ss          
Gg          , Gg          , Gg          , Gg          , Rd          , Ggf         , Rp          , Rp          , Gg          , Gg          , Gg          , Rd          , Rd          , Rd          , Rr          , Gg          , Gg          , Gg          , Gs^Fp       , Gs^Fp       , Gs          , Gg          , Gs^Fp       , Gg          , Ss          , Ss^Bw/      , Ss          , Ss          , Ww          , Ww          , Gg          , Gg          , Gs^Fp       , Gs          , Gs          , Gg          , Gg          , Ss          , Ss          , Ss          , Ss^Vhs      , Ss          
Gg          , Chr         , Gg          , Rd          , Rd          , Rd          , Rr          , Rr          , Ww          , Ggf         , Ww          , Ggf         , Gg          , Rd          , Rd          , Gg          , Gs^Fp       , Gs^Fp       , Gs^Fp       , Gs^Fp       , Gs^Fp       , Gs^Fp       , Gs^Fp       , Gg          , Ss          , Ss^Vhs      , Ss          , Ww          , Ww          , Ww          , Gg          , Gs          , Gs^Fp       , Gs^Fp       , Gg          , Gg          , Ss^Vhs      , Ss          , Ss          , Ss          , Ss          , Ss          
Gg          , Ce          , Gg          , Rd          , Rd          , Rp          , Rr          , 1 Rr        , Ww          , Ww          , Ww          , Ww          , Ww          , Gg          , Rd          , Gs^Fp       , Gs^Fp       , Gs          , Gs^Fp       , Gs^Fp       , Gs^Fp       , Gs^Fp       , Gs^Fp       , Gg          , Ss          , Ss          , Ww          , Ww          , Ww          , Ww          , Gs          , Gs^Fp       , Gg          , Gs^Fp       , Gs^Fp       , Gg          , Gg          , Gs          , Gs          , Ss          , Gs          , Gs          
Gg          , Chr         , Gg          , Rd          , Rd          , Rp          , Gg          , Gg          , Gg          , Ww^Bw/      , Ww          , Ggf         , Rd          , Rd          , Gg          , Gs^Fp       , Gs^Fp       , Gs          , Gs          , Gs^Fp       , Gs^Fp       , Gs^Fp       , Gs^Fp       , Gg          , Ds          , Ss          , Wo          , Ww          , Hh          , Gg          , Gg          , Gg          , Mm          , Gg          , Gg          , Gg          , Ds          , Gg          , Gg          , Gs          , Gg          , Gg          
Re^Gvs      , Gg          , Gg          , Gg          , Gg          , Rd          , Rd          , Ggf         , Ggf         , Ww          , Rd          , Rd          , Gg          , Rd          , Gg          , Gs^Fp       , Gs^Fp       , Gs^Fp       , Gs^Fp       , Gs^Fp       , Gs^Fp       , Gs^Fp       , Gg          , Gg          , Ds          , Ww          , Ww          , Ds          , Hh          , Hh          , Hh^Vhh      , Hh          , Hh          , Gg          , Ds          , Ds          , Ds          , Ds          , Ww          , Ww          , Ww          , Ww          
Re^Gvs      , Re^Gvs      , Re^Gvs      , Re^Gvs      , Re^Gvs      , Gg          , Gg          , Rd          , Rd          , Rd          , Gg          , Gg          , Gg          , Rd          , Gg          , Gg^Vc       , Gs^Fp       , Gs^Fp       , Gs^Fp       , Gs^Fp       , Gs^Fp       , Gg          , Gg          , Ds          , Ww          , Wo          , Wo          , Ds          , Hh          , Mm          , Hh          , Hh          , Ds          , Ds          , Ww          , Wwf         , Wwf         , Ww          , Wo          , Wo          , Ss          , Wo          
Re^Gvs      , Re^Gvs      , Re^Gvs      , Re^Gvs      , Re^Gvs      , Re^Gvs      , Re^Gvs      , Re          , Rd          , Re          , Re^Gvs      , Ggf         , Re^Gvs      , Rd          , Rd          , Rd          , Gs^Fp       , Gs^Fp       , Gs          , Gs^Fp       , Gs^Fp       , Gg          , Ds          , Ds          , Ww          , Ww          , Ww          , Hh          , Hh          , Hh          , Hh          , Ds          , Ww          , Ww          , Wo          , Wo          , Wwf         , Wo          , Ss          , Ss          , Ss          , Ss          
Re^Gvs      , Re^Gvs      , Gg^Wm       , Re^Gvs      , Re^Gvs      , Re^Gvs      , Re^Gvs      , Re          , Re          , Rd          , Rd          , Re^Gvs      , Re^Gvs      , Rd          , Rd          , Gg          , Gg          , Gs^Fp       , Gs^Fp       , Gs^Fp       , Ggf         , Gg          , Gg          , Ds          , Ww          , Wo          , Ww          , Ds          , Ds          , Ds          , Wo          , Ww          , Wo          , Wo          , Ww          , Ww          , Ds          , Ds          , Ss          , Ss^Vm       , Ss          , Ss          
Re^Gvs      , Re^Gvs      , Gg          , Gg          , Re^Gvs      , Re^Gvs      , Re^Gvs      , Re^Gvs      , Re^Gvs      , Re^Gvs      , Re^Gvs      , Rd          , Rd          , Rd          , Gg          , Gg          , Gs^Fp       , Gs^Fp       , Gs^Fp       , Ggf         , Ggf         , Ggf         , Ggf         , Ds          , Chw         , Ww          , Wo          , Ds          , Wwf         , Ww          , Wo          , Wo          , Ww          , Ww          , Ds          , Ds          , Ds          , Ds          , Ss          , Ss          , Gg          , Gg          
Rd          , Re^Gvs      , Re^Gvs      , Re^Gvs      , Re^Gvs      , Re^Gvs      , Re^Gvs      , Re^Gvs      , Re^Gvs      , Re^Gvs      , Re^Gvs      , Re^Gvs      , Re^Gvs      , Rd          , Gg          , Gs^Fp       , Gs^Fp       , Gs^Fp       , Gs^Fp       , Gs^Fp       , Gg^Vc       , Ggf         , Ggf         , Ds          , Khr         , Chw         , Ww          , Ww          , Wo          , Wwf         , Wwf         , Ww          , Ds          , Ds          , Ds          , Ds          , Gs^Fp       , Gs^Fp       , Gs^Fp       , Gg          , Gg          , Gg          
Rd          , Re^Gvs      , Rd          , Re^Gvs      , Re^Gvs      , Re^Gvs      , Re^Gvs      , Re^Gvs      , Re^Gvs      , Re^Gvs      , Rd          , Re^Gvs      , Re^Gvs      , Rd          , Gg          , Gs^Fp       , Gs^Fp       , Gs          , Gs^Fp       , Gs^Fp       , Ggf         , Ggf         , Ggf         , Ds          , Ds          , Chw         , Wo          , Ww          , Ww          , Wwf         , Re          , Gg          , Gg          , Ds          , Gg          , Gs^Fp       , Gs^Fp       , Gs^Fp       , Gs^Fp       , Gs^Fp       , Gg          , Gg          
Re^Gvs      , Rd          , Re          , Rd          , Rd          , Rd          , Rd          , Rd          , Rd          , Rd          , Rd          , Rd          , Rd          , Rd          , Gg          , Gs^Fp       , Gs^Fp       , Gs^Fp       , Gs^Fp       , Gs^Fp       , Ggf         , Ggf         , Ds          , Ds          , Ds          , Ww          , Wo          , Ww          , Ds          , Ds          , Gs^Fp       , Re          , Re          , Gs          , Gs^Fp       , Gs^Fp       , Gs^Fp       , Gs^Fp       , Gs^Fp       , Gs^Fp       , Gg          , Gg          
Re^Gvs      , Re^Gvs      , Gg          , Re^Gvs      , Re^Gvs      , Re          , Re^Gvs      , Re          , Re^Gvs      , Re          , Re^Gvs      , Re          , Re          , Rd          , Rd          , Gg          , Gs          , Gs^Fp       , Gs^Fp       , Gg          , Gg          , Ds          , Ds          , Ds          , Ww          , Wo          , Ww          , Ww          , Ds          , Gg          , Gs^Fp       , Gs^Fp       , Gs^Fp       , Re          , Gs          , Gs^Fp       , Gs^Fp       , Gs^Fp       , Gs^Fp       , Gs^Fp       , Gs          , Gg          
Re^Gvs      , Re^Gvs      , Gg^Vc       , Gg          , Re^Gvs      , Re^Gvs      , Re^Gvs      , Re^Gvs      , Re^Gvs      , Re^Gvs      , Re^Gvs      , Re^Gvs      , Re          , Rd          , Gg          , Gs          , Gs^Fp       , Gs^Fp       , Gs^Fp       , Gs^Fp       , Gg          , Ds          , Ds          , Wwf         , Wwf         , Wo          , Ww          , Ds          , Gg          , Gs^Fp       , Gs          , Gs          , Gs          , Re          , Re          , Gs^Fp       , Gs^Fp       , Gs^Fp       , Gs          , Gs^Fp       , Gs^Fp       , Gs          
Re^Gvs      , Re^Gvs      , Re^Gvs      , Re^Gvs      , Re^Gvs      , Re^Gvs      , Re^Gvs      , Re^Gvs      , Re^Gvs      , Re^Gvs      , Re^Gvs      , Re^Gvs      , Re          , Rd          , Gg          , Gs^Fp       , Gs^Fp       , Gs^Fp       , Gs^Fp       , Gs^Fp       , Gg          , Ds          , Ds          , Ww          , Wo          , Wwf         , Ds          , Ds          , Gg          , Gs^Fp       , Gs          , Gs          , Gs^Fp       , Gs          , Gs          , Re          , Gs^Fp       , Gs^Fp       , Gs^Fp       , Gs          , Gs          , Gs          
Re^Gvs      , Re^Gvs      , Re          , Re^Gvs      , Re          , Re^Gvs      , Re          , Re          , Re          , Re^Gvs      , Re          , Re^Gvs      , Re          , Rd          , Ggf         , Gs^Fp       , Gs^Fp       , Gs^Fp       , Gs^Fp       , Gs^Fp       , Gg          , Ds          , Ww          , Wo          , Wo          , Ds          , Ds          , Gg          , Gs^Fp       , Gs^Fp       , Gs          , Gs          , Gs^Fp       , Gs^Fp       , Gs          , Re          , Re          , Gs^Fp       , Gs^Fp       , Gs          , Gs^Fp       , Gs^Fp       
Rd          , Re          , Rd          , Rd          , Rd          , Rd          , Rd          , Rd          , Rd          , Re          , Rd          , Re          , Rd          , Rd          , Ggf         , Gg^Vc       , Gg^Vc       , Gs^Fp       , Gg          , Gg          , Gg          , Ds          , Ww          , Wo          , Ww          , Ds          , Ds          , Gg          , Gs^Fp       , Gs          , Gs          , Gs          , Gs^Fp       , Gs          , Gs^Fp       , Gs^Fp       , Re          , Gs^Fp       , Gs^Fp       , Gs^Fp       , Gs^Fp       , Gs^Fp       
Re^Gvs      , Rd          , Re          , Re          , Re          , Re^Gvs      , Re^Gvs      , Re          , Re          , Rd          , Re          , Rd          , Re          , Rd          , Rd          , Rd          , Gg          , Gg          , Ke          , Ce          , Gg          , Ww          , Wo          , Wo          , Ww          , Ds          , Ds          , Gg          , Gs          , Gs          , Ggf         , Gs          , Ggf         , Gs^Fp       , Gs^Fp       , Gs          , Re          , Gs^Fp       , Gs^Fp       , Gs          , Gs^Fp       , Gs          
Re^Gvs      , Re^Gvs      , Re^Gvs      , Re^Gvs      , Re^Gvs      , Re^Gvs      , Gg          , Re^Gvs      , Re^Gvs      , Re^Gvs      , Re^Gvs      , Re^Gvs      , Re^Gvs      , Rd          , Gg          , Ggf         , Hh          , Hh          , Ce          , Ce          , Hh          , Ww          , Wo          , Ww          , Ds          , Ds          , Ds          , Gg          , Gs          , Gs          , Gg^Ve       , Gg^Fet      , Ggf         , Gs^Fp       , Gs^Fp       , Gs^Fp       , Gs^Fp       , Re          , Re          , Gs          , Gs^Fp       , Gs^Fp       
Re^Gvs      , Re^Gvs      , Re^Gvs      , Re^Gvs      , Re^Gvs      , Re^Gvs      , Gg^Wm       , Re^Gvs      , Re^Gvs      , Re^Gvs      , Re^Gvs      , Re^Gvs      , Rd          , Rd          , Gg          , Gg          , Hh          , Hh^Vhh      , Hh          , Hh          , Ww          , Ww          , Wo          , Ww          , Hh          , Ds          , Gg          , Gs          , Gs^Fp       , Gs^Fp       , Gs^Fp       , Gs          , Gs^Fp       , Gs^Fp       , Gs^Fp       , Gs^Fp       , Gs^Fp       , Gs          , Uu^Ii       , Xu          , Xu          , Gs^Fp       
Re^Gvs      , Re^Gvs      , Re^Gvs      , Re^Gvs      , Re^Gvs      , Gg          , Re^Gvs      , Gg          , Re^Gvs      , Re^Gvs      , Re^Gvs      , Re^Gvs      , Rd          , Gg          , Mm          , Mm          , Mm          , Hh          , Hh          , Hh          , Ww          , Wo          , Ww          , Ww          , Hh          , Hh          , Gg          , Gs          , Gs          , Gs          , Gs^Fp       , Gs^Fp       , Gs^Fp       , Gs^Fp       , Gs^Fp       , Gs^Fp       , Xu          , Xu          , Uh          , Uu          , Uu          , Xu          
Re^Gvs      , Re^Gvs      , Re^Gvs      , Re^Gvs      , Re^Gvs      , Re^Gvs      , Re^Gvs      , Re^Gvs      , Re^Gvs      , Re^Gvs      , Re^Gvs      , Re^Gvs      , Rd          , Gg          , Gg          , Mm          , Mm          , Hh          , Hh          , Hh          , Ww          , Ww          , Ww          , Mm          , Hh          , Hh          , Gg          , Gg          , Gg          , Gs          , Gs^Fp       , Gs          , Gs          , Gs^Fp       , Gs^Fp       , Gs^Fp       , Xu          , Uu^Uf       , Uh          , Uu          , Uu          , Uu^Uf       
Re^Gvs      , Re^Gvs      , Re^Gvs      , Re^Gvs      , Re^Gvs      , Re^Gvs      , Re^Gvs      , Re^Gvs      , Re^Gvs      , Re^Gvs      , Re^Gvs      , Re^Gvs      , Rd          , Gg          , Gg          , Mm          , Mm          , Hh          , Hh          , Hh          , Ww          , Ww          , Ww          , Mm          , Hh          , Hh          , Gg          , Gg          , Gg          , Gs          , Gs^Fp       , Gs          , Gs          , Gs^Fp       , Gs^Fp       , Gs^Fp       , Xu          , Uu^Uf       , Uh          , Uu          , Uu          , Uu^Uf       


