border_size=1
usage=map

Gg          , Gg          , Gg          , Gg          , Gg          , Ds          , Ds          , Ds          , Ww          , Ww          , Ww          , Ww          , Ww          , Ww          , Ww          , Ww          , Ww          , Ww          , Ww          , Ww          , Ww          , Ww          , Wo          , Wo          , Wo          , Wo          , Wo          , Wo          , Wo          , Ww          , Ww          , Ww          , Ww          , Ww          , Ww          , Ww          
Gg          , Gg          , Ggf         , Gg          , Gg          , Gg          , Gg          , Ds          , Ds          , Ww          , Ds          , Ww          , Ww          , Ww          , Ww          , Ww          , Ww          , Ww          , Ww          , Ww          , Wo          , Wo          , Ww          , Ww          , Ww          , Ww          , Ww          , Ww          , Wo          , Wo          , Wo          , Ww          , Wo          , Wo          , Ww          , Ww          
Gg          , Gg          , Gs^Fp       , Gs^Fp       , Gg          , Gg          , Gg          , Gg          , Gs^Ft       , Ds          , Ds          , Ds          , 5 Ke        , Ce          , Ce          , Ww^Vm       , Ww          , Ww          , Ww          , Wo          , Wo          , Ww          , Ww          , Wo          , Wo          , Ww          , Ww          , Ww          , Wo          , Ww          , Ww          , Wo          , Wo          , 4 Khw       , Chw         , Ww          
Gg          , Gs^Fp       , Gg          , Gg          , Gg          , Gg          , Ggf         , Gg          , Gs^Ft       , Ds          , Gs^Ft       , Ds          , Ds          , Ce          , Ww^Vm       , Ww          , Ww          , Ww          , Ww          , Ww          , Wo          , Ww          , Wo          , Wo          , Wo          , Wo          , Wo          , Ww          , Wo          , Ww          , Wo          , Wo          , Chw         , Ww^Vm       , Chw         , Ww          
Gg          , Gs^Fp       , Gg          , Gs^Fp       , Gs^Fp       , Gg          , Gg          , Gs^Ft       , Gg          , Gs^Ft       , Gs^Ft       , Gg          , Ww          , Ww^Vm       , Ww          , Ww          , Wo          , Wo          , Wo          , Ww          , Wo          , Ww          , Ww          , Wo          , Ww          , Wo          , Wo          , Wo          , Wo          , Ww          , Wo          , Wo          , Ww^Vm       , Chw         , Wwf         , Ww          
Gs^Fp       , Gg          , Gg          , Gg          , Gs^Fp       , Gg          , Gg          , Gg          , Gs^Ft       , Gg          , Gs^Ft       , Gs^Ft       , Ww          , Ww          , Ww          , Wo          , Wo          , Mm^Xm       , Mm          , Ww          , Ds          , Wo          , Ww          , Wo          , Ww          , Ww          , Ww          , Wo          , Wo          , Ww          , Ww          , Wo          , Wo          , Wo          , Wwf         , Wwf         
Gs^Fp       , Gs^Fp       , Gs^Fp       , Ggf         , Ggf         , Gg^Vc       , Gg          , Gg          , Gg          , Gg          , Gg          , Gs^Ft       , Ww          , Ww          , Wo          , Wo          , Mm^Xm       , Mm^Xm       , Ds          , Ds          , Ds          , Wo          , Wo          , Wo          , Ww          , Ww          , Wo          , Ww          , Ww          , Ww          , Ww          , Wo          , Ww          , Ww          , Wwf         , Ww          
Gs^Fp       , Gs          , Gs^Fp       , Gg          , Gs^Fp       , Gg          , Ggf         , Gg          , Gg          , Gg          , Ds          , Ds          , Ww          , Ww          , Wo          , Wo          , Mm^Xm       , Mm^Xm       , Ds          , Ds          , Ds          , Wo          , Wo          , Wo          , Wo          , Ww          , Wo          , Wo          , Wo          , Wo          , Wo          , Wo          , Ww          , Wwf         , Wwf         , Ww          
Gs^Fp       , Gs^Fp       , Gs^Fp       , Gs          , Gg          , Gg          , Gg          , Ggf         , Gg          , Ds          , Wwf         , Ww          , Ww          , Ww          , Ww          , Wo          , Gg          , Mm^Xm       , Ds          , Ds          , Mm          , Ds          , Mm          , Ds          , Ds          , Wo          , Ww          , Wo          , Wo          , Wo          , Ww          , Ww          , Ww          , Wwf         , Wwf         , Ww          
Gs^Fp       , Gs^Fp       , Gs^Fp       , Gs^Fp       , Gs^Fp       , Ggf         , Gg          , Ggf         , Ggf         , Ggf         , Wwf         , Ww          , Ww          , Ww          , Ww^Vm       , Wo          , Wo          , Mm^Xm       , Hh          , Ds          , Hh          , Mm^Xm       , Mm^Xm       , Mm          , Wo          , Wo          , Ww          , Ww          , Ww          , Ww          , Ww          , Ww          , Ds          , Ds          , Ggf         , Ggf         
Gs^Fp       , Gs^Fp       , Gs^Fp       , Gs          , Gs^Fp       , Gg          , Gg          , Gg          , Ggf         , Ds          , Ds          , Wwf         , Ww          , Ww          , Wo          , Wo          , Ds          , Mm^Xm       , Hh          , Mm          , Hh          , Hh          , Mm^Xm       , Mm^Xm       , Wo          , Ww          , Ww          , Wo          , Wo          , Ww          , Ww          , Ww          , Ds          , Gg          , Ggf         , Gg          
Gs^Fp       , Gg^Ve       , Gs^Fp       , Gs          , Ggf         , Gs^Fp       , Gg          , Gg          , Gg          , Ggf         , Gs^Vht      , Wwf         , Ww          , Ww          , Wo          , Wo          , Ds          , Mm^Xm       , Mm          , Mm          , Mm          , Mm          , Mm^Xm       , Ds          , Wo          , Wo          , Wo          , Wo          , Ww          , Ww          , Ww          , Ww          , Ds          , Gg          , Gg          , Ggf         
Gs^Fp       , Gs^Fp       , Gs^Fp       , Gs          , Gs          , Gg          , Gs^Fp       , Gg          , Gg          , Ggf         , Ggf         , Wwf         , Ww          , Ww          , Ww          , Wo          , Ds          , Mm^Xm       , Mm^Xm       , Mm          , Mm^Xm       , Mm          , Mm^Xm       , Wo          , Wo          , Ww          , Wo          , Wo          , Ww          , Ww          , Ss          , Ds          , Gg          , Gg          , Gg          , Ggf         
Gs^Fp       , Gs^Fp       , Gs^Fp       , Gs^Fp       , Gs          , Gg^Vc       , Gs^Fp       , Gg          , Gg          , Gg          , Ggf         , Ds          , Ds          , Ww          , Ww          , Wo          , Wo          , Mm^Xm       , Mm^Xm       , Mm^Xm       , Mm^Xm       , Mm^Xm       , Ss          , Wo          , Wo          , Ww          , Wo          , Ww          , Ww          , Ww          , Ss^Vm       , Ss          , Ss          , Gg          , Gg          , Gg          
Gs^Fp       , Gs^Fp       , Gg^Ve       , Gs^Fp       , Gs^Fp       , Gs^Fp       , Gs          , Gg          , Ggf         , Gg          , Gs^Fp       , Gg          , Ds          , Ww          , Ww          , Wo          , Wo          , Wo          , Ds          , Mm^Xm       , Wo          , Ds          , Wo          , Wo          , Ww          , Ww          , Ww          , Wo          , Ss          , Ww          , Ss          , Ss          , Gs          , Gg          , Ggf         , Gg          
Gs^Fp       , Cv          , Gs^Fp       , Gs^Fp       , Gs^Fp       , Gs          , Gs^Fp       , Gs^Fp       , Gs^Fp       , Gg          , Gs^Fp       , Ds          , Ds          , Ww          , Ww          , Ww          , Ww          , Wo          , Wo          , Wo          , Wo          , Wo          , Wo          , Ww          , Ww          , Ww          , Ss^Vm       , Ss          , Chs         , Ww          , Ss          , Ss          , Gs^Fp       , Gs^Fp       , Ggf         , Gg          
Gs^Fp       , Cv          , Gs^Fp       , Gg^Fet      , Gs^Fp       , Gs^Fp       , Gs          , Gg          , Ggf         , Gg          , Gs^Fp       , Gg          , Ds          , Ww          , Ww          , Ww          , Ww          , Ww          , Wwf         , Wo          , Ww          , Ww          , Ww          , Ww          , Ds          , Ss          , Ss^Vm       , 3 Khs       , Chs         , Chs         , Ss          , Gs^Fp       , Gs          , Gg          , Ggf         , Gg          
Gs^Fp       , 1 Kv        , Gs^Fp       , Gs^Fp       , Gs^Fp       , Gs          , Gs          , Gs^Fp       , Gs^Fp       , Gs^Fp       , Gs^Fp       , Gg          , Gs^Fp       , Ds          , Ds          , Ww          , Ds          , Wwf         , Wwf         , Wwf         , Ds          , Ww          , Ww          , Ww          , Ds          , Ss          , Ss          , Ss^Vhs      , Ss          , Ss          , Hh          , Gs          , Gs          , Gs^Fp       , Xu          , Hh          
Gs^Fp       , Cv          , Cv          , Gs^Fp       , Gg^Ve       , Gs^Fp       , Gs^Fp       , Gs          , Gs          , Gs          , Gg          , Gs^Fp       , Gg          , Ggf         , Gg          , Ggf         , Gg          , Ds          , Dd^Vdt      , Ds          , Gg          , Gg          , Gg          , Gg          , Gg          , Ds          , Gs^Fp       , Gs^Fp       , Gs^Fp       , Gs^Fp       , Gs^Fp       , Xu          , Uh          , Uu          , Uu^Vud      , Xu          
Gs^Fp       , Gs^Fp       , Gs^Fp       , Cv          , Gs^Fp       , Gs^Fp       , Gg          , Ggf         , Gs          , Gs^Fp       , Ggf         , Gg          , Gg^Vc       , Gg          , Ggf         , Gg          , Gg          , Ds          , Ds          , Ds          , Gg          , Gg          , Gg          , Gg          , Gg          , Gg          , Gs^Fp       , Gs^Fp       , Gs^Fp       , Gs^Fp       , Hh          , Xu          , Uh          , Cud         , Cud         , Xu          
Gs^Fp       , Gs^Fp       , Gs^Fp       , Gs^Fp       , Gs^Fp       , Gg          , Gs          , Gs^Fp       , Gs          , Gs^Fp       , Gs^Fp       , Gg          , Gg          , Gg          , Gg          , Gg          , Gg          , Gg          , Gg          , Gg          , Gg          , Gg          , Gg          , Gg          , Gg          , Gg          , Gs^Fp       , Gs^Fp       , Gs^Fp       , Gs^Fp       , Xu          , Xu          , Cud         , Cud         , 2 Kud       , Xu          
Gg          , Gs^Fp       , Gs^Fp       , Gs^Fp       , Gg          , Gs          , Gg          , Gs          , Gs^Fp       , Gg          , Gg          , Gs^Fp       , Gs^Fp       , Gg          , Gg          , Gg          , Gg          , Gg          , Gg          , Gg          , Gg          , Gg          , Gg          , Gg          , Gg          , Gg          , Gg          , Hh          , Hh          , Hh          , Gg          , Xu          , Xu          , Uu          , Uu          , Uu          

